Read	.target.size "/etc/sysconfig/language" 1
Read	.target.string "/usr/lib/YaST2/trans/en.status" ""
Return	false
Read	.target.string "/usr/lib/YaST2/trans/en_GB.status" "50"
Return	true
Return	true
Read	.target.string "/usr/lib/YaST2/trans/de_DE.status" "99"
Return	false
