Read	.target.yast2 "keyboard_raw.ycp" $["czech-qwerty":["Czech (qwerty)", $["pc104":$["compose":"latin2", "ncurses":"cz-lat2-us.map.gz"]]]]
Read	.target.size "/usr/sbin/xkbctrl" 1
Execute	.target.bash "/usr/sbin/xkbctrl cz-lat2-us.map.gz > /tmp/xkbctrl.out" 0
Read	.target.ycp "/tmp/xkbctrl.out" $["XkbLayout":"cz_qwerty,us"]
