Return	true
Return	false
Return	false
Return	false
Return	false
Return	false
