Return	America/Los_Angeles
Return	Australia/Adelaide
Return	Australia/Adelaide
